
Memory Configuration

Name             Origin             Length             Attributes
flash            0x80000000         0x00020000         xr
sram             0x20000000         0x00005000         xrw
*default*        0x00000000         0xffffffff

Linker script and memory map


.text           0x80000000       0xd4
 *(.vectors*)
 .vectors       0x80000000       0x60 startup.o
 *(.text*)
 .text          0x80000060       0x18 app.o
                0x80000060                main
 .text          0x80000078       0x50 uart.o
                0x80000078                Uart_Send_String
 .text          0x800000c8        0xc startup.o
 *(.rodata)

.glue_7         0x800000d4        0x0
 .glue_7        0x00000000        0x0 linker stubs

.glue_7t        0x800000d4        0x0
 .glue_7t       0x00000000        0x0 linker stubs

.vfp11_veneer   0x800000d4        0x0
 .vfp11_veneer  0x00000000        0x0 linker stubs

.v4_bx          0x800000d4        0x0
 .v4_bx         0x00000000        0x0 linker stubs

.iplt           0x800000d4        0x0
 .iplt          0x00000000        0x0 app.o

.rel.dyn        0x800000d4        0x0
 .rel.iplt      0x00000000        0x0 app.o

.data           0x800000d4       0x64
 *(.data)
 .data          0x800000d4       0x64 app.o
                0x800000d4                string
 .data          0x80000138        0x0 uart.o
 .data          0x80000138        0x0 startup.o

.igot.plt       0x80000138        0x0
 .igot.plt      0x00000000        0x0 app.o

.bss            0x20000000        0x0
 *(.bss)
 .bss           0x20000000        0x0 app.o
 .bss           0x20000000        0x0 uart.o
 .bss           0x20000000        0x0 startup.o
LOAD app.o
LOAD uart.o
LOAD startup.o
OUTPUT(learn-in-depth.elf elf32-littlearm)

.debug_info     0x00000000      0x123
 .debug_info    0x00000000       0x6c app.o
 .debug_info    0x0000006c       0x5c uart.o
 .debug_info    0x000000c8       0x5b startup.o

.debug_abbrev   0x00000000       0xbf
 .debug_abbrev  0x00000000       0x5a app.o
 .debug_abbrev  0x0000005a       0x51 uart.o
 .debug_abbrev  0x000000ab       0x14 startup.o

.debug_loc      0x00000000       0x58
 .debug_loc     0x00000000       0x2c app.o
 .debug_loc     0x0000002c       0x2c uart.o

.debug_aranges  0x00000000       0x60
 .debug_aranges
                0x00000000       0x20 app.o
 .debug_aranges
                0x00000020       0x20 uart.o
 .debug_aranges
                0x00000040       0x20 startup.o

.debug_line     0x00000000       0xad
 .debug_line    0x00000000       0x35 app.o
 .debug_line    0x00000035       0x3d uart.o
 .debug_line    0x00000072       0x3b startup.o

.debug_str      0x00000000       0x7c
 .debug_str     0x00000000       0x5e app.o
 .debug_str     0x0000005e       0x1e uart.o
                                 0x61 (size before relaxing)

.comment        0x00000000       0x11
 .comment       0x00000000       0x11 app.o
                                 0x12 (size before relaxing)
 .comment       0x00000000       0x12 uart.o

.ARM.attributes
                0x00000000       0x30
 .ARM.attributes
                0x00000000       0x32 app.o
 .ARM.attributes
                0x00000032       0x32 uart.o
 .ARM.attributes
                0x00000064       0x22 startup.o

.debug_frame    0x00000000       0x54
 .debug_frame   0x00000000       0x2c app.o
 .debug_frame   0x0000002c       0x28 uart.o
