19:10:28 **** Incremental Build of configuration Debug for project lab1_toggle_led ****
make -j8 all 
arm-none-eabi-size   lab1_toggle_led.elf 
arm-none-eabi-objcopy  -O ihex  lab1_toggle_led.elf  "lab1_toggle_led.hex"
   text	   data	    bss	    dec	    hex	filename
    664	     12	   1564	   2240	    8c0	lab1_toggle_led.elf
Finished building: default.size.stdout
 
Finished building: lab1_toggle_led.hex
 
19:15:48 **** Incremental Build of configuration Debug for project lab1_toggle_led ****
make -j8 all 
arm-none-eabi-gcc "../Src/main.c" -mcpu=cortex-m3 -std=gnu11 -g3 -DSTM32 -DSTM32F1 -DSTM32F103C6Tx -DDEBUG -c -I../Inc -O0 -ffunction-sections -fdata-sections -Wall -fstack-usage -MMD -MP -MF"Src/main.d" -MT"Src/main.o" --specs=nano.specs -mfloat-abi=soft -mthumb -o "Src/main.o"
arm-none-eabi-gcc -o "lab1_toggle_led.elf" @"objects.list"   -mcpu=cortex-m3 -T"D:\master online diploma\unit 3\lesson 1 (lab1_toggle_led)\lab1_toggle_led\STM32F103C6TX_FLASH.ld" --specs=nosys.specs -Wl,-Map="lab1_toggle_led.map" -Wl,--gc-sections -static --specs=nano.specs -mfloat-abi=soft -mthumb -Wl,--start-group -lc -lm -Wl,--end-group
Finished building target: lab1_toggle_led.elf
 
arm-none-eabi-objdump -h -S  lab1_toggle_led.elf  > "lab1_toggle_led.list"
arm-none-eabi-objcopy  -O ihex  lab1_toggle_led.elf  "lab1_toggle_led.hex"
arm-none-eabi-objcopy  -O binary  lab1_toggle_led.elf  "lab1_toggle_led.bin"
arm-none-eabi-size   lab1_toggle_led.elf 
   text	   data	    bss	    dec	    hex	filename
    660	     12	   1564	   2236	    8bc	lab1_toggle_led.elf
Finished building: default.size.stdout
Finished building: lab1_toggle_led.hex
Finished building: lab1_toggle_led.bin
 
 
 
Finished building: lab1_toggle_led.list
 
19:17:53 **** Incremental Build of configuration Debug for project lab1_toggle_led ****
make -j8 all 
arm-none-eabi-gcc "../Src/main.c" -mcpu=cortex-m3 -std=gnu11 -g3 -DSTM32 -DSTM32F1 -DSTM32F103C6Tx -DDEBUG -c -I../Inc -O0 -ffunction-sections -fdata-sections -Wall -fstack-usage -MMD -MP -MF"Src/main.d" -MT"Src/main.o" --specs=nano.specs -mfloat-abi=soft -mthumb -o "Src/main.o"
arm-none-eabi-gcc -o "lab1_toggle_led.elf" @"objects.list"   -mcpu=cortex-m3 -T"D:\master online diploma\unit 3\lesson 1 (lab1_toggle_led)\lab1_toggle_led\STM32F103C6TX_FLASH.ld" --specs=nosys.specs -Wl,-Map="lab1_toggle_led.map" -Wl,--gc-sections -static --specs=nano.specs -mfloat-abi=soft -mthumb -Wl,--start-group -lc -lm -Wl,--end-group
Finished building target: lab1_toggle_led.elf
 
arm-none-eabi-objdump -h -S  lab1_toggle_led.elf  > "lab1_toggle_led.list"
arm-none-eabi-objcopy  -O ihex  lab1_toggle_led.elf  "lab1_toggle_led.hex"
arm-none-eabi-objcopy  -O binary  lab1_toggle_led.elf  "lab1_toggle_led.bin"
arm-none-eabi-size   lab1_toggle_led.elf 
   text	   data	    bss	    dec	    hex	filename
    660	     12	   1564	   2236	    8bc	lab1_toggle_led.elf
Finished building: default.size.stdout
Finished building: lab1_toggle_led.hex
Finished building: lab1_toggle_led.bin
Finished building: lab1_toggle_led.list
 
 
 
 
19:18:12 **** Incremental Build of configuration Debug for project lab1_toggle_led ****
make -j8 all 
arm-none-eabi-gcc "../Src/main.c" -mcpu=cortex-m3 -std=gnu11 -g3 -DSTM32 -DSTM32F1 -DSTM32F103C6Tx -DDEBUG -c -I../Inc -O0 -ffunction-sections -fdata-sections -Wall -fstack-usage -MMD -MP -MF"Src/main.d" -MT"Src/main.o" --specs=nano.specs -mfloat-abi=soft -mthumb -o "Src/main.o"
arm-none-eabi-gcc -o "lab1_toggle_led.elf" @"objects.list"   -mcpu=cortex-m3 -T"D:\master online diploma\unit 3\lesson 1 (lab1_toggle_led)\lab1_toggle_led\STM32F103C6TX_FLASH.ld" --specs=nosys.specs -Wl,-Map="lab1_toggle_led.map" -Wl,--gc-sections -static --specs=nano.specs -mfloat-abi=soft -mthumb -Wl,--start-group -lc -lm -Wl,--end-group
Finished building target: lab1_toggle_led.elf
 
arm-none-eabi-objdump -h -S  lab1_toggle_led.elf  > "lab1_toggle_led.list"
arm-none-eabi-objcopy  -O ihex  lab1_toggle_led.elf  "lab1_toggle_led.hex"
arm-none-eabi-objcopy  -O binary  lab1_toggle_led.elf  "lab1_toggle_led.bin"
arm-none-eabi-size   lab1_toggle_led.elf 
   text	   data	    bss	    dec	    hex	filename
    664	     12	   1564	   2240	    8c0	lab1_toggle_led.elf
Finished building: default.size.stdout
Finished building: lab1_toggle_led.list
Finished building: lab1_toggle_led.hex
Finished building: lab1_toggle_led.bin
 
 
 
 
19:27:22 **** Incremental Build of configuration Debug for project lab1_toggle_led ****
make -j8 all 
arm-none-eabi-gcc "../Src/main.c" -mcpu=cortex-m3 -std=gnu11 -g3 -DSTM32 -DSTM32F1 -DSTM32F103C6Tx -DDEBUG -c -I../Inc -O0 -ffunction-sections -fdata-sections -Wall -fstack-usage -MMD -MP -MF"Src/main.d" -MT"Src/main.o" --specs=nano.specs -mfloat-abi=soft -mthumb -o "Src/main.o"
arm-none-eabi-gcc -o "lab1_toggle_led.elf" @"objects.list"   -mcpu=cortex-m3 -T"D:\master online diploma\unit 3\lesson 1 (lab1_toggle_led)\lab1_toggle_led\STM32F103C6TX_FLASH.ld" --specs=nosys.specs -Wl,-Map="lab1_toggle_led.map" -Wl,--gc-sections -static --specs=nano.specs -mfloat-abi=soft -mthumb -Wl,--start-group -lc -lm -Wl,--end-group
Finished building target: lab1_toggle_led.elf
 
arm-none-eabi-objdump -h -S  lab1_toggle_led.elf  > "lab1_toggle_led.list"
arm-none-eabi-objcopy  -O ihex  lab1_toggle_led.elf  "lab1_toggle_led.hex"
arm-none-eabi-objcopy  -O binary  lab1_toggle_led.elf  "lab1_toggle_led.bin"
arm-none-eabi-size   lab1_toggle_led.elf 
   text	   data	    bss	    dec	    hex	filename
    672	     12	   1564	   2248	    8c8	lab1_toggle_led.elf
Finished building: default.size.stdout
Finished building: lab1_toggle_led.hex
Finished building: lab1_toggle_led.bin
 
Finished building: lab1_toggle_led.list
 
 
 
19:27:31 **** Incremental Build of configuration Debug for project lab1_toggle_led ****
make -j8 all 
arm-none-eabi-size   lab1_toggle_led.elf 
   text	   data	    bss	    dec	    hex	filename
    672	     12	   1564	   2248	    8c8	lab1_toggle_led.elf
Finished building: default.size.stdout
 
